WARNING: for repeatability, setting FPU to use double precision
============================[ Problem Statistics ]=============================
|                                                                             |
|  Number of variables:            50                                         |
|  Number of clauses:             218                                         |
|  Parse time:                   0.00 s                                       |
|                                                                             |
============================[ Search Statistics ]==============================
| Conflicts |          ORIGINAL         |          LEARNT          | Progress |
|           |    Vars  Clauses Literals |    Limit  Clauses Lit/Cl |          |
===============================================================================
===============================================================================
restarts              : 1
conflicts             : 81             (324000 /sec)
decisions             : 94             (0.00 % random) (376000 /sec)
propagations          : 1241           (4964000 /sec)
conflict literals     : 323            (13.87 % deleted)
Memory used           : 20.00 MB
CPU time              : 0.00025 s

SATISFIABLE
