WARNING: for repeatability, setting FPU to use double precision
============================[ Problem Statistics ]=============================
|                                                                             |
|  Number of variables:            50                                         |
|  Number of clauses:             218                                         |
|  Parse time:                   0.00 s                                       |
|                                                                             |
============================[ Search Statistics ]==============================
| Conflicts |          ORIGINAL         |          LEARNT          | Progress |
|           |    Vars  Clauses Literals |    Limit  Clauses Lit/Cl |          |
===============================================================================
===============================================================================
restarts              : 1
conflicts             : 25             (114679 /sec)
decisions             : 41             (0.00 % random) (188073 /sec)
propagations          : 377            (1729358 /sec)
conflict literals     : 114            (5.79 % deleted)
Memory used           : 20.00 MB
CPU time              : 0.000218 s

SATISFIABLE
