WARNING: for repeatability, setting FPU to use double precision
============================[ Problem Statistics ]=============================
|                                                                             |
|  Number of variables:            50                                         |
|  Number of clauses:             218                                         |
|  Parse time:                   0.00 s                                       |
|                                                                             |
============================[ Search Statistics ]==============================
| Conflicts |          ORIGINAL         |          LEARNT          | Progress |
|           |    Vars  Clauses Literals |    Limit  Clauses Lit/Cl |          |
===============================================================================
===============================================================================
restarts              : 1
conflicts             : 18             (13120 /sec)
decisions             : 33             (0.00 % random) (24052 /sec)
propagations          : 261            (190233 /sec)
conflict literals     : 72             (8.86 % deleted)
Memory used           : 20.00 MB
CPU time              : 0.001372 s

SATISFIABLE
