WARNING: for repeatability, setting FPU to use double precision
============================[ Problem Statistics ]=============================
|                                                                             |
|  Number of variables:            50                                         |
|  Number of clauses:             218                                         |
|  Parse time:                   0.00 s                                       |
|                                                                             |
============================[ Search Statistics ]==============================
| Conflicts |          ORIGINAL         |          LEARNT          | Progress |
|           |    Vars  Clauses Literals |    Limit  Clauses Lit/Cl |          |
===============================================================================
===============================================================================
restarts              : 1
conflicts             : 12             (8811 /sec)
decisions             : 28             (0.00 % random) (20558 /sec)
propagations          : 221            (162261 /sec)
conflict literals     : 80             (3.61 % deleted)
Memory used           : 20.00 MB
CPU time              : 0.001362 s

SATISFIABLE
