WARNING: for repeatability, setting FPU to use double precision
============================[ Problem Statistics ]=============================
|                                                                             |
|  Number of variables:            50                                         |
|  Number of clauses:             218                                         |
|  Parse time:                   0.00 s                                       |
|                                                                             |
============================[ Search Statistics ]==============================
| Conflicts |          ORIGINAL         |          LEARNT          | Progress |
|           |    Vars  Clauses Literals |    Limit  Clauses Lit/Cl |          |
===============================================================================
===============================================================================
restarts              : 1
conflicts             : 50             (34223 /sec)
decisions             : 64             (0.00 % random) (43806 /sec)
propagations          : 856            (585900 /sec)
conflict literals     : 210            (18.92 % deleted)
Memory used           : 20.00 MB
CPU time              : 0.001461 s

SATISFIABLE
