WARNING: for repeatability, setting FPU to use double precision
============================[ Problem Statistics ]=============================
|                                                                             |
|  Number of variables:            50                                         |
|  Number of clauses:             218                                         |
|  Parse time:                   0.00 s                                       |
|                                                                             |
============================[ Search Statistics ]==============================
| Conflicts |          ORIGINAL         |          LEARNT          | Progress |
|           |    Vars  Clauses Literals |    Limit  Clauses Lit/Cl |          |
===============================================================================
===============================================================================
restarts              : 1
conflicts             : 41             (28512 /sec)
decisions             : 57             (0.00 % random) (39638 /sec)
propagations          : 615            (427677 /sec)
conflict literals     : 158            (15.51 % deleted)
Memory used           : 20.00 MB
CPU time              : 0.001438 s

SATISFIABLE
