WARNING: for repeatability, setting FPU to use double precision
============================[ Problem Statistics ]=============================
|                                                                             |
|  Number of variables:            50                                         |
|  Number of clauses:             218                                         |
|  Parse time:                   0.00 s                                       |
|                                                                             |
============================[ Search Statistics ]==============================
| Conflicts |          ORIGINAL         |          LEARNT          | Progress |
|           |    Vars  Clauses Literals |    Limit  Clauses Lit/Cl |          |
===============================================================================
===============================================================================
restarts              : 1
conflicts             : 15             (10862 /sec)
decisions             : 31             (0.00 % random) (22448 /sec)
propagations          : 247            (178856 /sec)
conflict literals     : 74             (13.95 % deleted)
Memory used           : 20.00 MB
CPU time              : 0.001381 s

SATISFIABLE
