WARNING: for repeatability, setting FPU to use double precision
============================[ Problem Statistics ]=============================
|                                                                             |
|  Number of variables:            50                                         |
|  Number of clauses:             218                                         |
|  Parse time:                   0.00 s                                       |
|                                                                             |
============================[ Search Statistics ]==============================
| Conflicts |          ORIGINAL         |          LEARNT          | Progress |
|           |    Vars  Clauses Literals |    Limit  Clauses Lit/Cl |          |
===============================================================================
===============================================================================
restarts              : 1
conflicts             : 53             (36326 /sec)
decisions             : 69             (0.00 % random) (47293 /sec)
propagations          : 657            (450308 /sec)
conflict literals     : 200            (18.37 % deleted)
Memory used           : 20.00 MB
CPU time              : 0.001459 s

SATISFIABLE
