WARNING: for repeatability, setting FPU to use double precision
============================[ Problem Statistics ]=============================
|                                                                             |
|  Number of variables:            50                                         |
|  Number of clauses:             218                                         |
|  Parse time:                   0.00 s                                       |
|                                                                             |
============================[ Search Statistics ]==============================
| Conflicts |          ORIGINAL         |          LEARNT          | Progress |
|           |    Vars  Clauses Literals |    Limit  Clauses Lit/Cl |          |
===============================================================================
===============================================================================
restarts              : 1
conflicts             : 80             (51914 /sec)
decisions             : 94             (0.00 % random) (60999 /sec)
propagations          : 1185           (768981 /sec)
conflict literals     : 326            (18.09 % deleted)
Memory used           : 20.00 MB
CPU time              : 0.001541 s

SATISFIABLE
