WARNING: for repeatability, setting FPU to use double precision
============================[ Problem Statistics ]=============================
|                                                                             |
|  Number of variables:            50                                         |
|  Number of clauses:             218                                         |
|  Parse time:                   0.00 s                                       |
|                                                                             |
============================[ Search Statistics ]==============================
| Conflicts |          ORIGINAL         |          LEARNT          | Progress |
|           |    Vars  Clauses Literals |    Limit  Clauses Lit/Cl |          |
===============================================================================
===============================================================================
restarts              : 1
conflicts             : 14             (10234 /sec)
decisions             : 25             (0.00 % random) (18275 /sec)
propagations          : 261            (190789 /sec)
conflict literals     : 63             (16.00 % deleted)
Memory used           : 20.00 MB
CPU time              : 0.001368 s

SATISFIABLE
