WARNING: for repeatability, setting FPU to use double precision
============================[ Problem Statistics ]=============================
|                                                                             |
|  Number of variables:            50                                         |
|  Number of clauses:             218                                         |
|  Parse time:                   0.00 s                                       |
|                                                                             |
============================[ Search Statistics ]==============================
| Conflicts |          ORIGINAL         |          LEARNT          | Progress |
|           |    Vars  Clauses Literals |    Limit  Clauses Lit/Cl |          |
===============================================================================
===============================================================================
restarts              : 1
conflicts             : 50             (34153 /sec)
decisions             : 63             (0.00 % random) (43033 /sec)
propagations          : 775            (529372 /sec)
conflict literals     : 216            (20.30 % deleted)
Memory used           : 20.00 MB
CPU time              : 0.001464 s

SATISFIABLE
