WARNING: for repeatability, setting FPU to use double precision
============================[ Problem Statistics ]=============================
|                                                                             |
|  Number of variables:            50                                         |
|  Number of clauses:             218                                         |
|  Parse time:                   0.00 s                                       |
|                                                                             |
============================[ Search Statistics ]==============================
| Conflicts |          ORIGINAL         |          LEARNT          | Progress |
|           |    Vars  Clauses Literals |    Limit  Clauses Lit/Cl |          |
===============================================================================
===============================================================================
restarts              : 1
conflicts             : 18             (13100 /sec)
decisions             : 36             (0.00 % random) (26201 /sec)
propagations          : 315            (229258 /sec)
conflict literals     : 73             (9.88 % deleted)
Memory used           : 20.00 MB
CPU time              : 0.001374 s

SATISFIABLE
