WARNING: for repeatability, setting FPU to use double precision
============================[ Problem Statistics ]=============================
|                                                                             |
|  Number of variables:            50                                         |
|  Number of clauses:             218                                         |
|  Parse time:                   0.00 s                                       |
|                                                                             |
============================[ Search Statistics ]==============================
| Conflicts |          ORIGINAL         |          LEARNT          | Progress |
|           |    Vars  Clauses Literals |    Limit  Clauses Lit/Cl |          |
===============================================================================
===============================================================================
restarts              : 1
conflicts             : 51             (320755 /sec)
decisions             : 73             (0.00 % random) (459119 /sec)
propagations          : 751            (4723270 /sec)
conflict literals     : 245            (12.81 % deleted)
Memory used           : 20.00 MB
CPU time              : 0.000159 s

SATISFIABLE
