WARNING: for repeatability, setting FPU to use double precision
============================[ Problem Statistics ]=============================
|                                                                             |
|  Number of variables:            50                                         |
|  Number of clauses:             218                                         |
|  Parse time:                   0.00 s                                       |
|                                                                             |
============================[ Search Statistics ]==============================
| Conflicts |          ORIGINAL         |          LEARNT          | Progress |
|           |    Vars  Clauses Literals |    Limit  Clauses Lit/Cl |          |
===============================================================================
===============================================================================
restarts              : 1
conflicts             : 43             (29492 /sec)
decisions             : 63             (0.00 % random) (43210 /sec)
propagations          : 577            (395748 /sec)
conflict literals     : 140            (22.22 % deleted)
Memory used           : 20.00 MB
CPU time              : 0.001458 s

SATISFIABLE
