WARNING: for repeatability, setting FPU to use double precision
============================[ Problem Statistics ]=============================
|                                                                             |
|  Number of variables:            50                                         |
|  Number of clauses:             218                                         |
|  Parse time:                   0.00 s                                       |
|                                                                             |
============================[ Search Statistics ]==============================
| Conflicts |          ORIGINAL         |          LEARNT          | Progress |
|           |    Vars  Clauses Literals |    Limit  Clauses Lit/Cl |          |
===============================================================================
===============================================================================
restarts              : 1
conflicts             : 4              (80000 /sec)
decisions             : 15             (0.00 % random) (300000 /sec)
propagations          : 115            (2300000 /sec)
conflict literals     : 22             (0.00 % deleted)
Memory used           : 20.00 MB
CPU time              : 5e-05 s

SATISFIABLE
