WARNING: for repeatability, setting FPU to use double precision
============================[ Problem Statistics ]=============================
|                                                                             |
|  Number of variables:            50                                         |
|  Number of clauses:             218                                         |
|  Parse time:                   0.00 s                                       |
|                                                                             |
============================[ Search Statistics ]==============================
| Conflicts |          ORIGINAL         |          LEARNT          | Progress |
|           |    Vars  Clauses Literals |    Limit  Clauses Lit/Cl |          |
===============================================================================
===============================================================================
restarts              : 1
conflicts             : 75             (49375 /sec)
decisions             : 81             (0.00 % random) (53325 /sec)
propagations          : 1035           (681369 /sec)
conflict literals     : 297            (16.34 % deleted)
Memory used           : 20.00 MB
CPU time              : 0.001519 s

UNSATISFIABLE
