WARNING: for repeatability, setting FPU to use double precision
============================[ Problem Statistics ]=============================
|                                                                             |
|  Number of variables:            50                                         |
|  Number of clauses:             218                                         |
|  Parse time:                   0.00 s                                       |
|                                                                             |
============================[ Search Statistics ]==============================
| Conflicts |          ORIGINAL         |          LEARNT          | Progress |
|           |    Vars  Clauses Literals |    Limit  Clauses Lit/Cl |          |
===============================================================================
===============================================================================
restarts              : 1
conflicts             : 70             (325581 /sec)
decisions             : 79             (0.00 % random) (367442 /sec)
propagations          : 960            (4465116 /sec)
conflict literals     : 241            (11.72 % deleted)
Memory used           : 20.00 MB
CPU time              : 0.000215 s

UNSATISFIABLE
