WARNING: for repeatability, setting FPU to use double precision
============================[ Problem Statistics ]=============================
|                                                                             |
|  Number of variables:            50                                         |
|  Number of clauses:             218                                         |
|  Parse time:                   0.00 s                                       |
|                                                                             |
============================[ Search Statistics ]==============================
| Conflicts |          ORIGINAL         |          LEARNT          | Progress |
|           |    Vars  Clauses Literals |    Limit  Clauses Lit/Cl |          |
===============================================================================
===============================================================================
restarts              : 1
conflicts             : 49             (322368 /sec)
decisions             : 57             (0.00 % random) (375000 /sec)
propagations          : 665            (4375000 /sec)
conflict literals     : 159            (11.17 % deleted)
Memory used           : 20.00 MB
CPU time              : 0.000152 s

UNSATISFIABLE
