WARNING: for repeatability, setting FPU to use double precision
============================[ Problem Statistics ]=============================
|                                                                             |
|  Number of variables:            50                                         |
|  Number of clauses:             218                                         |
|  Parse time:                   0.00 s                                       |
|                                                                             |
============================[ Search Statistics ]==============================
| Conflicts |          ORIGINAL         |          LEARNT          | Progress |
|           |    Vars  Clauses Literals |    Limit  Clauses Lit/Cl |          |
===============================================================================
===============================================================================
restarts              : 1
conflicts             : 60             (195440 /sec)
decisions             : 66             (0.00 % random) (214984 /sec)
propagations          : 855            (2785016 /sec)
conflict literals     : 207            (18.82 % deleted)
Memory used           : 20.00 MB
CPU time              : 0.000307 s

UNSATISFIABLE
