WARNING: for repeatability, setting FPU to use double precision
============================[ Problem Statistics ]=============================
|                                                                             |
|  Number of variables:            50                                         |
|  Number of clauses:             218                                         |
|  Parse time:                   0.00 s                                       |
|                                                                             |
============================[ Search Statistics ]==============================
| Conflicts |          ORIGINAL         |          LEARNT          | Progress |
|           |    Vars  Clauses Literals |    Limit  Clauses Lit/Cl |          |
===============================================================================
===============================================================================
restarts              : 1
conflicts             : 45             (31915 /sec)
decisions             : 59             (0.00 % random) (41844 /sec)
propagations          : 610            (432624 /sec)
conflict literals     : 136            (19.53 % deleted)
Memory used           : 20.00 MB
CPU time              : 0.00141 s

UNSATISFIABLE
