WARNING: for repeatability, setting FPU to use double precision
============================[ Problem Statistics ]=============================
|                                                                             |
|  Number of variables:            50                                         |
|  Number of clauses:             218                                         |
|  Parse time:                   0.00 s                                       |
|                                                                             |
============================[ Search Statistics ]==============================
| Conflicts |          ORIGINAL         |          LEARNT          | Progress |
|           |    Vars  Clauses Literals |    Limit  Clauses Lit/Cl |          |
===============================================================================
===============================================================================
restarts              : 1
conflicts             : 45             (175781 /sec)
decisions             : 61             (0.00 % random) (238281 /sec)
propagations          : 579            (2261719 /sec)
conflict literals     : 142            (14.97 % deleted)
Memory used           : 20.00 MB
CPU time              : 0.000256 s

UNSATISFIABLE
