WARNING: for repeatability, setting FPU to use double precision
============================[ Problem Statistics ]=============================
|                                                                             |
|  Number of variables:            50                                         |
|  Number of clauses:             218                                         |
|  Parse time:                   0.00 s                                       |
|                                                                             |
============================[ Search Statistics ]==============================
| Conflicts |          ORIGINAL         |          LEARNT          | Progress |
|           |    Vars  Clauses Literals |    Limit  Clauses Lit/Cl |          |
===============================================================================
===============================================================================
restarts              : 1
conflicts             : 59             (318919 /sec)
decisions             : 62             (0.00 % random) (335135 /sec)
propagations          : 783            (4232432 /sec)
conflict literals     : 211            (18.85 % deleted)
Memory used           : 20.00 MB
CPU time              : 0.000185 s

UNSATISFIABLE
