WARNING: for repeatability, setting FPU to use double precision
============================[ Problem Statistics ]=============================
|                                                                             |
|  Number of variables:            50                                         |
|  Number of clauses:             218                                         |
|  Parse time:                   0.00 s                                       |
|                                                                             |
============================[ Search Statistics ]==============================
| Conflicts |          ORIGINAL         |          LEARNT          | Progress |
|           |    Vars  Clauses Literals |    Limit  Clauses Lit/Cl |          |
===============================================================================
===============================================================================
restarts              : 1
conflicts             : 67             (44489 /sec)
decisions             : 81             (0.00 % random) (53785 /sec)
propagations          : 932            (618858 /sec)
conflict literals     : 228            (16.79 % deleted)
Memory used           : 20.00 MB
CPU time              : 0.001506 s

UNSATISFIABLE
