WARNING: for repeatability, setting FPU to use double precision
============================[ Problem Statistics ]=============================
|                                                                             |
|  Number of variables:            50                                         |
|  Number of clauses:             218                                         |
|  Parse time:                   0.00 s                                       |
|                                                                             |
============================[ Search Statistics ]==============================
| Conflicts |          ORIGINAL         |          LEARNT          | Progress |
|           |    Vars  Clauses Literals |    Limit  Clauses Lit/Cl |          |
===============================================================================
===============================================================================
restarts              : 1
conflicts             : 97             (61744 /sec)
decisions             : 110            (0.00 % random) (70019 /sec)
propagations          : 1326           (844048 /sec)
conflict literals     : 390            (15.40 % deleted)
Memory used           : 20.00 MB
CPU time              : 0.001571 s

UNSATISFIABLE
