WARNING: for repeatability, setting FPU to use double precision
============================[ Problem Statistics ]=============================
|                                                                             |
|  Number of variables:            50                                         |
|  Number of clauses:             218                                         |
|  Parse time:                   0.00 s                                       |
|                                                                             |
============================[ Search Statistics ]==============================
| Conflicts |          ORIGINAL         |          LEARNT          | Progress |
|           |    Vars  Clauses Literals |    Limit  Clauses Lit/Cl |          |
===============================================================================
===============================================================================
restarts              : 1
conflicts             : 58             (38926 /sec)
decisions             : 65             (0.00 % random) (43624 /sec)
propagations          : 811            (544295 /sec)
conflict literals     : 207            (12.66 % deleted)
Memory used           : 20.00 MB
CPU time              : 0.00149 s

UNSATISFIABLE
