WARNING: for repeatability, setting FPU to use double precision
============================[ Problem Statistics ]=============================
|                                                                             |
|  Number of variables:            50                                         |
|  Number of clauses:             218                                         |
|  Parse time:                   0.00 s                                       |
|                                                                             |
============================[ Search Statistics ]==============================
| Conflicts |          ORIGINAL         |          LEARNT          | Progress |
|           |    Vars  Clauses Literals |    Limit  Clauses Lit/Cl |          |
===============================================================================
===============================================================================
restarts              : 1
conflicts             : 78             (50616 /sec)
decisions             : 87             (0.00 % random) (56457 /sec)
propagations          : 1176           (763141 /sec)
conflict literals     : 303            (14.65 % deleted)
Memory used           : 20.00 MB
CPU time              : 0.001541 s

UNSATISFIABLE
