WARNING: for repeatability, setting FPU to use double precision
============================[ Problem Statistics ]=============================
|                                                                             |
|  Number of variables:            50                                         |
|  Number of clauses:             218                                         |
|  Parse time:                   0.00 s                                       |
|                                                                             |
============================[ Search Statistics ]==============================
| Conflicts |          ORIGINAL         |          LEARNT          | Progress |
|           |    Vars  Clauses Literals |    Limit  Clauses Lit/Cl |          |
===============================================================================
===============================================================================
restarts              : 1
conflicts             : 66             (44088 /sec)
decisions             : 79             (0.00 % random) (52772 /sec)
propagations          : 927            (619238 /sec)
conflict literals     : 222            (21.28 % deleted)
Memory used           : 20.00 MB
CPU time              : 0.001497 s

UNSATISFIABLE
