WARNING: for repeatability, setting FPU to use double precision
============================[ Problem Statistics ]=============================
|                                                                             |
|  Number of variables:            50                                         |
|  Number of clauses:             218                                         |
|  Parse time:                   0.00 s                                       |
|                                                                             |
============================[ Search Statistics ]==============================
| Conflicts |          ORIGINAL         |          LEARNT          | Progress |
|           |    Vars  Clauses Literals |    Limit  Clauses Lit/Cl |          |
===============================================================================
===============================================================================
restarts              : 1
conflicts             : 49             (34194 /sec)
decisions             : 56             (0.00 % random) (39079 /sec)
propagations          : 657            (458479 /sec)
conflict literals     : 191            (11.98 % deleted)
Memory used           : 20.00 MB
CPU time              : 0.001433 s

UNSATISFIABLE
